Archive member included to satisfy reference by file (symbol)

c:/users/pawel/.p2/pool/plugins/fr.ac6.mcu.externaltools.arm-none.win32_1.17.0.201812190825/tools/compiler/bin/../lib/gcc/arm-none-eabi/7.3.1/thumb/v7e-m/fpv4-sp/hard\libgcc.a(_aeabi_uldivmod.o)
                              Drivers/STM32F4xx_HAL_Driver/stm32f4xx_hal_rcc.o (__aeabi_uldivmod)
c:/users/pawel/.p2/pool/plugins/fr.ac6.mcu.externaltools.arm-none.win32_1.17.0.201812190825/tools/compiler/bin/../lib/gcc/arm-none-eabi/7.3.1/thumb/v7e-m/fpv4-sp/hard\libgcc.a(_udivmoddi4.o)
                              c:/users/pawel/.p2/pool/plugins/fr.ac6.mcu.externaltools.arm-none.win32_1.17.0.201812190825/tools/compiler/bin/../lib/gcc/arm-none-eabi/7.3.1/thumb/v7e-m/fpv4-sp/hard\libgcc.a(_aeabi_uldivmod.o) (__udivmoddi4)
c:/users/pawel/.p2/pool/plugins/fr.ac6.mcu.externaltools.arm-none.win32_1.17.0.201812190825/tools/compiler/bin/../lib/gcc/arm-none-eabi/7.3.1/thumb/v7e-m/fpv4-sp/hard\libgcc.a(_dvmd_tls.o)
                              c:/users/pawel/.p2/pool/plugins/fr.ac6.mcu.externaltools.arm-none.win32_1.17.0.201812190825/tools/compiler/bin/../lib/gcc/arm-none-eabi/7.3.1/thumb/v7e-m/fpv4-sp/hard\libgcc.a(_aeabi_uldivmod.o) (__aeabi_ldiv0)
c:/users/pawel/.p2/pool/plugins/fr.ac6.mcu.externaltools.arm-none.win32_1.17.0.201812190825/tools/compiler/bin/../lib/gcc/arm-none-eabi/7.3.1/../../../../arm-none-eabi/lib/thumb/v7e-m/fpv4-sp/hard\libc_nano.a(lib_a-exit.o)
                              c:/users/pawel/.p2/pool/plugins/fr.ac6.mcu.externaltools.arm-none.win32_1.17.0.201812190825/tools/compiler/bin/../lib/gcc/arm-none-eabi/7.3.1/../../../../arm-none-eabi/lib/thumb/v7e-m/fpv4-sp/hard/crt0.o (exit)
c:/users/pawel/.p2/pool/plugins/fr.ac6.mcu.externaltools.arm-none.win32_1.17.0.201812190825/tools/compiler/bin/../lib/gcc/arm-none-eabi/7.3.1/../../../../arm-none-eabi/lib/thumb/v7e-m/fpv4-sp/hard\libc_nano.a(lib_a-impure.o)
                              c:/users/pawel/.p2/pool/plugins/fr.ac6.mcu.externaltools.arm-none.win32_1.17.0.201812190825/tools/compiler/bin/../lib/gcc/arm-none-eabi/7.3.1/../../../../arm-none-eabi/lib/thumb/v7e-m/fpv4-sp/hard\libc_nano.a(lib_a-exit.o) (_global_impure_ptr)
c:/users/pawel/.p2/pool/plugins/fr.ac6.mcu.externaltools.arm-none.win32_1.17.0.201812190825/tools/compiler/bin/../lib/gcc/arm-none-eabi/7.3.1/../../../../arm-none-eabi/lib/thumb/v7e-m/fpv4-sp/hard\libc_nano.a(lib_a-init.o)
                              c:/users/pawel/.p2/pool/plugins/fr.ac6.mcu.externaltools.arm-none.win32_1.17.0.201812190825/tools/compiler/bin/../lib/gcc/arm-none-eabi/7.3.1/../../../../arm-none-eabi/lib/thumb/v7e-m/fpv4-sp/hard/crt0.o (__libc_init_array)
c:/users/pawel/.p2/pool/plugins/fr.ac6.mcu.externaltools.arm-none.win32_1.17.0.201812190825/tools/compiler/bin/../lib/gcc/arm-none-eabi/7.3.1/../../../../arm-none-eabi/lib/thumb/v7e-m/fpv4-sp/hard\libc_nano.a(lib_a-memset.o)
                              c:/users/pawel/.p2/pool/plugins/fr.ac6.mcu.externaltools.arm-none.win32_1.17.0.201812190825/tools/compiler/bin/../lib/gcc/arm-none-eabi/7.3.1/../../../../arm-none-eabi/lib/thumb/v7e-m/fpv4-sp/hard/crt0.o (memset)
c:/users/pawel/.p2/pool/plugins/fr.ac6.mcu.externaltools.arm-none.win32_1.17.0.201812190825/tools/compiler/bin/../lib/gcc/arm-none-eabi/7.3.1/../../../../arm-none-eabi/lib/thumb/v7e-m/fpv4-sp/hard\libnosys.a(_exit.o)
                              c:/users/pawel/.p2/pool/plugins/fr.ac6.mcu.externaltools.arm-none.win32_1.17.0.201812190825/tools/compiler/bin/../lib/gcc/arm-none-eabi/7.3.1/../../../../arm-none-eabi/lib/thumb/v7e-m/fpv4-sp/hard\libc_nano.a(lib_a-exit.o) (_exit)

Allocating common symbols
Common symbol       size              file

Received            0x18              Application/User/main.o
uwTick              0x4               Drivers/STM32F4xx_HAL_Driver/stm32f4xx_hal.o
pFlash              0x20              Drivers/STM32F4xx_HAL_Driver/stm32f4xx_hal_flash.o
huart1              0x40              Application/User/main.o

Discarded input sections

 .text          0x00000000        0x0 c:/users/pawel/.p2/pool/plugins/fr.ac6.mcu.externaltools.arm-none.win32_1.17.0.201812190825/tools/compiler/bin/../lib/gcc/arm-none-eabi/7.3.1/thumb/v7e-m/fpv4-sp/hard/crti.o
 .data          0x00000000        0x0 c:/users/pawel/.p2/pool/plugins/fr.ac6.mcu.externaltools.arm-none.win32_1.17.0.201812190825/tools/compiler/bin/../lib/gcc/arm-none-eabi/7.3.1/thumb/v7e-m/fpv4-sp/hard/crti.o
 .bss           0x00000000        0x0 c:/users/pawel/.p2/pool/plugins/fr.ac6.mcu.externaltools.arm-none.win32_1.17.0.201812190825/tools/compiler/bin/../lib/gcc/arm-none-eabi/7.3.1/thumb/v7e-m/fpv4-sp/hard/crti.o
 .data          0x00000000        0x4 c:/users/pawel/.p2/pool/plugins/fr.ac6.mcu.externaltools.arm-none.win32_1.17.0.201812190825/tools/compiler/bin/../lib/gcc/arm-none-eabi/7.3.1/thumb/v7e-m/fpv4-sp/hard/crtbegin.o
[...]
Memory Configuration

Name             Origin             Length             Attributes
RAM              0x20000000         0x00020000         xrw
FLASH            0x08000000         0x00080000         xr
*default*        0x00000000         0xffffffff

Linker script and memory map

LOAD c:/users/pawel/.p2/pool/plugins/fr.ac6.mcu.externaltools.arm-none.win32_1.17.0.201812190825/tools/compiler/bin/../lib/gcc/arm-none-eabi/7.3.1/thumb/v7e-m/fpv4-sp/hard/crti.o
LOAD c:/users/pawel/.p2/pool/plugins/fr.ac6.mcu.externaltools.arm-none.win32_1.17.0.201812190825/tools/compiler/bin/../lib/gcc/arm-none-eabi/7.3.1/thumb/v7e-m/fpv4-sp/hard/crtbegin.o
LOAD c:/users/pawel/.p2/pool/plugins/fr.ac6.mcu.externaltools.arm-none.win32_1.17.0.201812190825/tools/compiler/bin/../lib/gcc/arm-none-eabi/7.3.1/../../../../arm-none-eabi/lib/thumb/v7e-m/fpv4-sp/hard/crt0.o
LOAD Application/SW4STM32/startup_stm32f411xe.o
LOAD Application/User/main.o
LOAD Application/User/stm32f4xx_hal_msp.o
LOAD Application/User/stm32f4xx_it.o
LOAD Drivers/CMSIS/system_stm32f4xx.o
LOAD Drivers/STM32F4xx_HAL_Driver/stm32f4xx_hal.o
LOAD Drivers/STM32F4xx_HAL_Driver/stm32f4xx_hal_cortex.o
LOAD Drivers/STM32F4xx_HAL_Driver/stm32f4xx_hal_dma.o
LOAD Drivers/STM32F4xx_HAL_Driver/stm32f4xx_hal_dma_ex.o
LOAD Drivers/STM32F4xx_HAL_Driver/stm32f4xx_hal_flash.o
LOAD Drivers/STM32F4xx_HAL_Driver/stm32f4xx_hal_flash_ex.o
LOAD Drivers/STM32F4xx_HAL_Driver/stm32f4xx_hal_flash_ramfunc.o
LOAD Drivers/STM32F4xx_HAL_Driver/stm32f4xx_hal_gpio.o
LOAD Drivers/STM32F4xx_HAL_Driver/stm32f4xx_hal_pwr.o
LOAD Drivers/STM32F4xx_HAL_Driver/stm32f4xx_hal_pwr_ex.o
LOAD Drivers/STM32F4xx_HAL_Driver/stm32f4xx_hal_rcc.o
LOAD Drivers/STM32F4xx_HAL_Driver/stm32f4xx_hal_rcc_ex.o
LOAD Drivers/STM32F4xx_HAL_Driver/stm32f4xx_hal_tim.o
LOAD Drivers/STM32F4xx_HAL_Driver/stm32f4xx_hal_tim_ex.o
LOAD Drivers/STM32F4xx_HAL_Driver/stm32f4xx_hal_uart.o
LOAD c:/users/pawel/.p2/pool/plugins/fr.ac6.mcu.externaltools.arm-none.win32_1.17.0.201812190825/tools/compiler/bin/../lib/gcc/arm-none-eabi/7.3.1/../../../../arm-none-eabi/lib/thumb/v7e-m/fpv4-sp/hard\libm.a
START GROUP
LOAD c:/users/pawel/.p2/pool/plugins/fr.ac6.mcu.externaltools.arm-none.win32_1.17.0.201812190825/tools/compiler/bin/../lib/gcc/arm-none-eabi/7.3.1/thumb/v7e-m/fpv4-sp/hard\libgcc.a
LOAD c:/users/pawel/.p2/pool/plugins/fr.ac6.mcu.externaltools.arm-none.win32_1.17.0.201812190825/tools/compiler/bin/../lib/gcc/arm-none-eabi/7.3.1/../../../../arm-none-eabi/lib/thumb/v7e-m/fpv4-sp/hard\libc_nano.a
END GROUP
START GROUP
LOAD c:/users/pawel/.p2/pool/plugins/fr.ac6.mcu.externaltools.arm-none.win32_1.17.0.201812190825/tools/compiler/bin/../lib/gcc/arm-none-eabi/7.3.1/thumb/v7e-m/fpv4-sp/hard\libgcc.a
LOAD c:/users/pawel/.p2/pool/plugins/fr.ac6.mcu.externaltools.arm-none.win32_1.17.0.201812190825/tools/compiler/bin/../lib/gcc/arm-none-eabi/7.3.1/../../../../arm-none-eabi/lib/thumb/v7e-m/fpv4-sp/hard\libc_nano.a
LOAD c:/users/pawel/.p2/pool/plugins/fr.ac6.mcu.externaltools.arm-none.win32_1.17.0.201812190825/tools/compiler/bin/../lib/gcc/arm-none-eabi/7.3.1/../../../../arm-none-eabi/lib/thumb/v7e-m/fpv4-sp/hard\libnosys.a
END GROUP
START GROUP
LOAD c:/users/pawel/.p2/pool/plugins/fr.ac6.mcu.externaltools.arm-none.win32_1.17.0.201812190825/tools/compiler/bin/../lib/gcc/arm-none-eabi/7.3.1/thumb/v7e-m/fpv4-sp/hard\libgcc.a
LOAD c:/users/pawel/.p2/pool/plugins/fr.ac6.mcu.externaltools.arm-none.win32_1.17.0.201812190825/tools/compiler/bin/../lib/gcc/arm-none-eabi/7.3.1/../../../../arm-none-eabi/lib/thumb/v7e-m/fpv4-sp/hard\libc_nano.a
LOAD c:/users/pawel/.p2/pool/plugins/fr.ac6.mcu.externaltools.arm-none.win32_1.17.0.201812190825/tools/compiler/bin/../lib/gcc/arm-none-eabi/7.3.1/../../../../arm-none-eabi/lib/thumb/v7e-m/fpv4-sp/hard\libnosys.a
END GROUP
LOAD c:/users/pawel/.p2/pool/plugins/fr.ac6.mcu.externaltools.arm-none.win32_1.17.0.201812190825/tools/compiler/bin/../lib/gcc/arm-none-eabi/7.3.1/thumb/v7e-m/fpv4-sp/hard/crtend.o
LOAD c:/users/pawel/.p2/pool/plugins/fr.ac6.mcu.externaltools.arm-none.win32_1.17.0.201812190825/tools/compiler/bin/../lib/gcc/arm-none-eabi/7.3.1/thumb/v7e-m/fpv4-sp/hard/crtn.o
                0x20020000                _estack = 0x20020000
                0x00000200                _Min_Heap_Size = 0x200
                0x00000400                _Min_Stack_Size = 0x400

.isr_vector     0x08000000      0x198
                0x08000000                . = ALIGN (0x4)
 *(.isr_vector)
 .isr_vector    0x08000000      0x198 Application/SW4STM32/startup_stm32f411xe.o
                0x08000000                g_pfnVectors
                0x08000198                . = ALIGN (0x4)

.text           0x08000198     0x1780
                0x08000198                . = ALIGN (0x4)
 *(.text)
 .text          0x08000198       0x40 c:/users/pawel/.p2/pool/plugins/fr.ac6.mcu.externaltools.arm-none.win32_1.17.0.201812190825/tools/compiler/bin/../lib/gcc/arm-none-eabi/7.3.1/thumb/v7e-m/fpv4-sp/hard/crtbegin.o
 .text          0x080001d8       0x30 c:/users/pawel/.p2/pool/plugins/fr.ac6.mcu.externaltools.arm-none.win32_1.17.0.201812190825/tools/compiler/bin/../lib/gcc/arm-none-eabi/7.3.1/thumb/v7e-m/fpv4-sp/hard\libgcc.a(_aeabi_uldivmod.o)
                0x080001d8                __aeabi_uldivmod
 .text          0x08000208      0x2cc c:/users/pawel/.p2/pool/plugins/fr.ac6.mcu.externaltools.arm-none.win32_1.17.0.201812190825/tools/compiler/bin/../lib/gcc/arm-none-eabi/7.3.1/thumb/v7e-m/fpv4-sp/hard\libgcc.a(_udivmoddi4.o)
                0x08000208                __udivmoddi4
 .text          0x080004d4        0x4 c:/users/pawel/.p2/pool/plugins/fr.ac6.mcu.externaltools.arm-none.win32_1.17.0.201812190825/tools/compiler/bin/../lib/gcc/arm-none-eabi/7.3.1/thumb/v7e-m/fpv4-sp/hard\libgcc.a(_dvmd_tls.o)
                0x080004d4                __aeabi_idiv0
                0x080004d4                __aeabi_ldiv0
 *(.text*)
 .text.Reset_Handler
                0x080004d8       0x50 Application/SW4STM32/startup_stm32f411xe.o
                0x080004d8                Reset_Handler
 .text.Default_Handler
                0x08000528        0x2 Application/SW4STM32/startup_stm32f411xe.o
                0x08000528                RTC_Alarm_IRQHandler
                0x08000528                EXTI2_IRQHandler
                0x08000528                SPI4_IRQHandler
                0x08000528                TIM1_CC_IRQHandler
                0x08000528                DMA2_Stream5_IRQHandler
                0x08000528                DMA1_Stream5_IRQHandler
                0x08000528                PVD_IRQHandler
                0x08000528                SDIO_IRQHandler
                0x08000528                TAMP_STAMP_IRQHandler
                0x08000528                EXTI3_IRQHandler
                0x08000528                TIM1_UP_TIM10_IRQHandler
                0x08000528                I2C3_ER_IRQHandler
                0x08000528                EXTI0_IRQHandler
                0x08000528                I2C2_EV_IRQHandler
                0x08000528                DMA1_Stream2_IRQHandler
                0x08000528                FPU_IRQHandler
                0x08000528                DMA2_Stream2_IRQHandler
                0x08000528                SPI1_IRQHandler
                0x08000528                TIM1_BRK_TIM9_IRQHandler
                0x08000528                DMA2_Stream3_IRQHandler
                0x08000528                USART6_IRQHandler
                0x08000528                DMA2_Stream0_IRQHandler
                0x08000528                TIM4_IRQHandler
                0x08000528                I2C1_EV_IRQHandler
                0x08000528                DMA1_Stream6_IRQHandler
                0x08000528                DMA1_Stream1_IRQHandler
                0x08000528                TIM3_IRQHandler
                0x08000528                RCC_IRQHandler
                0x08000528                Default_Handler
                0x08000528                EXTI15_10_IRQHandler
                0x08000528                ADC_IRQHandler
                0x08000528                DMA1_Stream7_IRQHandler
                0x08000528                SPI5_IRQHandler
                0x08000528                TIM5_IRQHandler
                0x08000528                DMA2_Stream7_IRQHandler
                0x08000528                I2C3_EV_IRQHandler
                0x08000528                EXTI9_5_IRQHandler
                0x08000528                RTC_WKUP_IRQHandler
                0x08000528                SPI2_IRQHandler
                0x08000528                DMA1_Stream0_IRQHandler
                0x08000528                EXTI4_IRQHandler
                0x08000528                WWDG_IRQHandler
                0x08000528                TIM2_IRQHandler
                0x08000528                OTG_FS_WKUP_IRQHandler
                0x08000528                TIM1_TRG_COM_TIM11_IRQHandler
                0x08000528                EXTI1_IRQHandler
                0x08000528                USART2_IRQHandler
                0x08000528                I2C2_ER_IRQHandler
                0x08000528                DMA2_Stream1_IRQHandler
                0x08000528                FLASH_IRQHandler
                0x08000528                DMA2_Stream4_IRQHandler
                0x08000528                OTG_FS_IRQHandler
                0x08000528                SPI3_IRQHandler
                0x08000528                DMA1_Stream4_IRQHandler
                0x08000528                I2C1_ER_IRQHandler
                0x08000528                DMA2_Stream6_IRQHandler
                0x08000528                DMA1_Stream3_IRQHandler
 *fill*         0x0800052a        0x2 
 .text.MX_GPIO_Init
                0x0800052c       0xdc Application/User/main.o
 .text.HAL_UART_RxCpltCallback
                0x08000608       0x24 Application/User/main.o
                0x08000608                HAL_UART_RxCpltCallback
 .text._Error_Handler
                0x0800062c        0x2 Application/User/main.o
                0x0800062c                _Error_Handler
 *fill*         0x0800062e        0x2 
 .text.MX_USART1_UART_Init
                0x08000630       0x3c Application/User/main.o
 .text.SystemClock_Config
                0x0800066c       0xc0 Application/User/main.o
                0x0800066c                SystemClock_Config
 .text.main     0x0800072c       0x48 Application/User/main.o
                0x0800072c                main
 .text.HAL_MspInit
                0x08000774       0x94 Application/User/stm32f4xx_hal_msp.o
                0x08000774                HAL_MspInit
 .text.HAL_UART_MspInit
                0x08000808       0x64 Application/User/stm32f4xx_hal_msp.o
                0x08000808                HAL_UART_MspInit
 .text.NMI_Handler
                0x0800086c        0x2 Application/User/stm32f4xx_it.o
                0x0800086c                NMI_Handler
 .text.HardFault_Handler
                0x0800086e        0x2 Application/User/stm32f4xx_it.o
                0x0800086e                HardFault_Handler
 .text.MemManage_Handler
                0x08000870        0x2 Application/User/stm32f4xx_it.o
                0x08000870                MemManage_Handler
 .text.BusFault_Handler
                0x08000872        0x2 Application/User/stm32f4xx_it.o
                0x08000872                BusFault_Handler
 .text.UsageFault_Handler
                0x08000874        0x2 Application/User/stm32f4xx_it.o
                0x08000874                UsageFault_Handler
 .text.SVC_Handler
                0x08000876        0x2 Application/User/stm32f4xx_it.o
                0x08000876                SVC_Handler
 .text.DebugMon_Handler
                0x08000878        0x2 Application/User/stm32f4xx_it.o
                0x08000878                DebugMon_Handler
 .text.PendSV_Handler
                0x0800087a        0x2 Application/User/stm32f4xx_it.o
                0x0800087a                PendSV_Handler
 .text.SysTick_Handler
                0x0800087c        0xc Application/User/stm32f4xx_it.o
                0x0800087c                SysTick_Handler
 .text.USART1_IRQHandler
                0x08000888       0x10 Application/User/stm32f4xx_it.o
                0x08000888                USART1_IRQHandler
 .text.SystemInit
                0x08000898       0x4c Drivers/CMSIS/system_stm32f4xx.o
                0x08000898                SystemInit
 .text.HAL_InitTick
                0x080008e4       0x48 Drivers/STM32F4xx_HAL_Driver/stm32f4xx_hal.o
                0x080008e4                HAL_InitTick
 .text.HAL_Init
                0x0800092c       0x34 Drivers/STM32F4xx_HAL_Driver/stm32f4xx_hal.o
                0x0800092c                HAL_Init
 .text.HAL_IncTick
                0x08000960       0x18 Drivers/STM32F4xx_HAL_Driver/stm32f4xx_hal.o
                0x08000960                HAL_IncTick
 .text.HAL_GetTick
                0x08000978        0xc Drivers/STM32F4xx_HAL_Driver/stm32f4xx_hal.o
                0x08000978                HAL_GetTick
 .text.HAL_NVIC_SetPriorityGrouping
                0x08000984       0x24 Drivers/STM32F4xx_HAL_Driver/stm32f4xx_hal_cortex.o
                0x08000984                HAL_NVIC_SetPriorityGrouping
 .text.HAL_NVIC_SetPriority
                0x080009a8       0x68 Drivers/STM32F4xx_HAL_Driver/stm32f4xx_hal_cortex.o
                0x080009a8                HAL_NVIC_SetPriority
 .text.HAL_NVIC_EnableIRQ
                0x08000a10       0x18 Drivers/STM32F4xx_HAL_Driver/stm32f4xx_hal_cortex.o
                0x08000a10                HAL_NVIC_EnableIRQ
 .text.HAL_SYSTICK_Config
                0x08000a28       0x2c Drivers/STM32F4xx_HAL_Driver/stm32f4xx_hal_cortex.o
                0x08000a28                HAL_SYSTICK_Config
 .text.HAL_SYSTICK_CLKSourceConfig
                0x08000a54       0x20 Drivers/STM32F4xx_HAL_Driver/stm32f4xx_hal_cortex.o
                0x08000a54                HAL_SYSTICK_CLKSourceConfig
 .text.HAL_SYSTICK_Callback
                0x08000a74        0x2 Drivers/STM32F4xx_HAL_Driver/stm32f4xx_hal_cortex.o
                0x08000a74                HAL_SYSTICK_Callback
 .text.HAL_SYSTICK_IRQHandler
                0x08000a76        0x8 Drivers/STM32F4xx_HAL_Driver/stm32f4xx_hal_cortex.o
                0x08000a76                HAL_SYSTICK_IRQHandler
 .text.HAL_DMA_Abort_IT
                0x08000a7e       0x26 Drivers/STM32F4xx_HAL_Driver/stm32f4xx_hal_dma.o
                0x08000a7e                HAL_DMA_Abort_IT
 .text.HAL_GPIO_Init
                0x08000aa4      0x1a4 Drivers/STM32F4xx_HAL_Driver/stm32f4xx_hal_gpio.o
                0x08000aa4                HAL_GPIO_Init
 .text.HAL_GPIO_WritePin
                0x08000c48        0xc Drivers/STM32F4xx_HAL_Driver/stm32f4xx_hal_gpio.o
                0x08000c48                HAL_GPIO_WritePin
 .text.HAL_GPIO_TogglePin
                0x08000c54        0x8 Drivers/STM32F4xx_HAL_Driver/stm32f4xx_hal_gpio.o
                0x08000c54                HAL_GPIO_TogglePin
 .text.HAL_RCC_OscConfig
                0x08000c5c      0x398 Drivers/STM32F4xx_HAL_Driver/stm32f4xx_hal_rcc.o
                0x08000c5c                HAL_RCC_OscConfig
 .text.HAL_RCC_GetSysClockFreq
                0x08000ff4       0xd8 Drivers/STM32F4xx_HAL_Driver/stm32f4xx_hal_rcc.o
                0x08000ff4                HAL_RCC_GetSysClockFreq
 .text.HAL_RCC_ClockConfig
                0x080010cc      0x158 Drivers/STM32F4xx_HAL_Driver/stm32f4xx_hal_rcc.o
                0x080010cc                HAL_RCC_ClockConfig
 .text.HAL_RCC_GetHCLKFreq
                0x08001224        0xc Drivers/STM32F4xx_HAL_Driver/stm32f4xx_hal_rcc.o
                0x08001224                HAL_RCC_GetHCLKFreq
 .text.HAL_RCC_GetPCLK1Freq
                0x08001230       0x20 Drivers/STM32F4xx_HAL_Driver/stm32f4xx_hal_rcc.o
                0x08001230                HAL_RCC_GetPCLK1Freq
 .text.HAL_RCC_GetPCLK2Freq
                0x08001250       0x20 Drivers/STM32F4xx_HAL_Driver/stm32f4xx_hal_rcc.o
                0x08001250                HAL_RCC_GetPCLK2Freq
 .text.UART_EndRxTransfer
                0x08001270       0x1c Drivers/STM32F4xx_HAL_Driver/stm32f4xx_hal_uart.o
 .text.UART_Transmit_IT
                0x0800128c       0x68 Drivers/STM32F4xx_HAL_Driver/stm32f4xx_hal_uart.o
 .text.UART_SetConfig
                0x080012f4      0x334 Drivers/STM32F4xx_HAL_Driver/stm32f4xx_hal_uart.o
 .text.HAL_UART_Init
                0x08001628       0x5e Drivers/STM32F4xx_HAL_Driver/stm32f4xx_hal_uart.o
                0x08001628                HAL_UART_Init
 .text.HAL_UART_Receive_IT
                0x08001686       0x52 Drivers/STM32F4xx_HAL_Driver/stm32f4xx_hal_uart.o
                0x08001686                HAL_UART_Receive_IT
 .text.HAL_UART_TxCpltCallback
                0x080016d8        0x2 Drivers/STM32F4xx_HAL_Driver/stm32f4xx_hal_uart.o
                0x080016d8                HAL_UART_TxCpltCallback
 .text.UART_EndTransmit_IT
                0x080016da       0x1a Drivers/STM32F4xx_HAL_Driver/stm32f4xx_hal_uart.o
 .text.UART_Receive_IT
                0x080016f4       0x92 Drivers/STM32F4xx_HAL_Driver/stm32f4xx_hal_uart.o
 .text.HAL_UART_ErrorCallback
                0x08001786        0x2 Drivers/STM32F4xx_HAL_Driver/stm32f4xx_hal_uart.o
                0x08001786                HAL_UART_ErrorCallback
 .text.HAL_UART_IRQHandler
                0x08001788      0x120 Drivers/STM32F4xx_HAL_Driver/stm32f4xx_hal_uart.o
                0x08001788                HAL_UART_IRQHandler
 .text.UART_DMAAbortOnError
                0x080018a8       0x10 Drivers/STM32F4xx_HAL_Driver/stm32f4xx_hal_uart.o
 .text.__libc_init_array
                0x080018b8       0x48 c:/users/pawel/.p2/pool/plugins/fr.ac6.mcu.externaltools.arm-none.win32_1.17.0.201812190825/tools/compiler/bin/../lib/gcc/arm-none-eabi/7.3.1/../../../../arm-none-eabi/lib/thumb/v7e-m/fpv4-sp/hard\libc_nano.a(lib_a-init.o)
                0x080018b8                __libc_init_array
 *(.glue_7)
 .glue_7        0x08001900        0x0 linker stubs
 *(.glue_7t)
 .glue_7t       0x08001900        0x0 linker stubs
 *(.eh_frame)
 .eh_frame      0x08001900        0x0 c:/users/pawel/.p2/pool/plugins/fr.ac6.mcu.externaltools.arm-none.win32_1.17.0.201812190825/tools/compiler/bin/../lib/gcc/arm-none-eabi/7.3.1/thumb/v7e-m/fpv4-sp/hard/crtbegin.o
 *(.init)
 .init          0x08001900        0x4 c:/users/pawel/.p2/pool/plugins/fr.ac6.mcu.externaltools.arm-none.win32_1.17.0.201812190825/tools/compiler/bin/../lib/gcc/arm-none-eabi/7.3.1/thumb/v7e-m/fpv4-sp/hard/crti.o
                0x08001900                _init
 .init          0x08001904        0x8 c:/users/pawel/.p2/pool/plugins/fr.ac6.mcu.externaltools.arm-none.win32_1.17.0.201812190825/tools/compiler/bin/../lib/gcc/arm-none-eabi/7.3.1/thumb/v7e-m/fpv4-sp/hard/crtn.o
 *(.fini)
 .fini          0x0800190c        0x4 c:/users/pawel/.p2/pool/plugins/fr.ac6.mcu.externaltools.arm-none.win32_1.17.0.201812190825/tools/compiler/bin/../lib/gcc/arm-none-eabi/7.3.1/thumb/v7e-m/fpv4-sp/hard/crti.o
                0x0800190c                _fini
 .fini          0x08001910        0x8 c:/users/pawel/.p2/pool/plugins/fr.ac6.mcu.externaltools.arm-none.win32_1.17.0.201812190825/tools/compiler/bin/../lib/gcc/arm-none-eabi/7.3.1/thumb/v7e-m/fpv4-sp/hard/crtn.o
                0x08001918                . = ALIGN (0x4)
                0x08001918                _etext = .

.vfp11_veneer   0x08001918        0x0
 .vfp11_veneer  0x08001918        0x0 linker stubs

.v4_bx          0x08001918        0x0
 .v4_bx         0x08001918        0x0 linker stubs

.iplt           0x08001918        0x0
 .iplt          0x08001918        0x0 c:/users/pawel/.p2/pool/plugins/fr.ac6.mcu.externaltools.arm-none.win32_1.17.0.201812190825/tools/compiler/bin/../lib/gcc/arm-none-eabi/7.3.1/thumb/v7e-m/fpv4-sp/hard/crtbegin.o

.rodata         0x08001918       0x68
                0x08001918                . = ALIGN (0x4)
 *(.rodata)
 .rodata        0x08001918       0x18 Drivers/CMSIS/system_stm32f4xx.o
                0x08001918                AHBPrescTable
                0x08001928                APBPrescTable
 *(.rodata*)
 .rodata.str1.4
                0x08001930       0x50 Application/User/main.o
                                 0x4d (size before relaxing)
                0x08001980                . = ALIGN (0x4)

.ARM.extab
 *(.ARM.extab* .gnu.linkonce.armextab.*)

.ARM            0x08001980        0x8
                0x08001980                __exidx_start = .
 *(.ARM.exidx*)
 .ARM.exidx     0x08001980        0x8 c:/users/pawel/.p2/pool/plugins/fr.ac6.mcu.externaltools.arm-none.win32_1.17.0.201812190825/tools/compiler/bin/../lib/gcc/arm-none-eabi/7.3.1/thumb/v7e-m/fpv4-sp/hard\libgcc.a(_udivmoddi4.o)
                0x08001988                __exidx_end = .

.rel.dyn        0x08001988        0x0
 .rel.iplt      0x08001988        0x0 c:/users/pawel/.p2/pool/plugins/fr.ac6.mcu.externaltools.arm-none.win32_1.17.0.201812190825/tools/compiler/bin/../lib/gcc/arm-none-eabi/7.3.1/thumb/v7e-m/fpv4-sp/hard/crtbegin.o

.preinit_array  0x08001988        0x0
                0x08001988                PROVIDE (__preinit_array_start = .)
 *(.preinit_array*)
                0x08001988                PROVIDE (__preinit_array_end = .)

.init_array     0x08001988        0x4
                0x08001988                PROVIDE (__init_array_start = .)
 *(SORT_BY_NAME(.init_array.*))
 *(.init_array*)
 .init_array    0x08001988        0x4 c:/users/pawel/.p2/pool/plugins/fr.ac6.mcu.externaltools.arm-none.win32_1.17.0.201812190825/tools/compiler/bin/../lib/gcc/arm-none-eabi/7.3.1/thumb/v7e-m/fpv4-sp/hard/crtbegin.o
                0x0800198c                PROVIDE (__init_array_end = .)

.fini_array     0x0800198c        0x4
                [!provide]                PROVIDE (__fini_array_start = .)
 *(SORT_BY_NAME(.fini_array.*))
 *(.fini_array*)
 .fini_array    0x0800198c        0x4 c:/users/pawel/.p2/pool/plugins/fr.ac6.mcu.externaltools.arm-none.win32_1.17.0.201812190825/tools/compiler/bin/../lib/gcc/arm-none-eabi/7.3.1/thumb/v7e-m/fpv4-sp/hard/crtbegin.o
                [!provide]                PROVIDE (__fini_array_end = .)
                0x08001990                _sidata = LOADADDR (.data)

.data           0x20000000        0xc load address 0x08001990
                0x20000000                . = ALIGN (0x4)
                0x20000000                _sdata = .
 *(.data)
 .data          0x20000000        0x4 Drivers/CMSIS/system_stm32f4xx.o
                0x20000000                SystemCoreClock
 .data          0x20000004        0x8 Drivers/STM32F4xx_HAL_Driver/stm32f4xx_hal.o
                0x20000004                uwTickFreq
                0x20000008                uwTickPrio
 *(.data*)
                0x2000000c                . = ALIGN (0x4)
                0x2000000c                _edata = .

.igot.plt       0x2000000c        0x0 load address 0x0800199c
 .igot.plt      0x2000000c        0x0 c:/users/pawel/.p2/pool/plugins/fr.ac6.mcu.externaltools.arm-none.win32_1.17.0.201812190825/tools/compiler/bin/../lib/gcc/arm-none-eabi/7.3.1/thumb/v7e-m/fpv4-sp/hard/crtbegin.o
                0x2000000c                . = ALIGN (0x4)

.bss            0x2000000c       0x78 load address 0x0800199c
                0x2000000c                _sbss = .
                0x2000000c                __bss_start__ = _sbss
 *(.bss)
 .bss           0x2000000c       0x1c c:/users/pawel/.p2/pool/plugins/fr.ac6.mcu.externaltools.arm-none.win32_1.17.0.201812190825/tools/compiler/bin/../lib/gcc/arm-none-eabi/7.3.1/thumb/v7e-m/fpv4-sp/hard/crtbegin.o
 *(.bss*)
 *(COMMON)
 COMMON         0x20000028       0x58 Application/User/main.o
                0x20000028                Received
                0x20000040                huart1
 COMMON         0x20000080        0x4 Drivers/STM32F4xx_HAL_Driver/stm32f4xx_hal.o
                0x20000080                uwTick
                0x20000084                . = ALIGN (0x4)
                0x20000084                _ebss = .
                0x20000084                __bss_end__ = _ebss

._user_heap_stack
                0x20000084      0x604 load address 0x0800199c
                0x20000088                . = ALIGN (0x8)
 *fill*         0x20000084        0x4 
                [!provide]                PROVIDE (end = .)
                [!provide]                PROVIDE (_end = .)
                0x20000288                . = (. + _Min_Heap_Size)
 *fill*         0x20000088      0x200 
                0x20000688                . = (. + _Min_Stack_Size)
 *fill*         0x20000288      0x400 
                0x20000688                . = ALIGN (0x8)

/DISCARD/
 libc.a(*)
 libm.a(*)
 libgcc.a(*)

.ARM.attributes
                0x00000000       0x30
 *(.ARM.attributes)
 .ARM.attributes
                0x00000000       0x22 c:/users/pawel/.p2/pool/plugins/fr.ac6.mcu.externaltools.arm-none.win32_1.17.0.201812190825/tools/compiler/bin/../lib/gcc/arm-none-eabi/7.3.1/thumb/v7e-m/fpv4-sp/hard/crti.o
 .ARM.attributes
                0x00000022       0x34 c:/users/pawel/.p2/pool/plugins/fr.ac6.mcu.externaltools.arm-none.win32_1.17.0.201812190825/tools/compiler/bin/../lib/gcc/arm-none-eabi/7.3.1/thumb/v7e-m/fpv4-sp/hard/crtbegin.o
 .ARM.attributes
                0x00000056       0x21 Application/SW4STM32/startup_stm32f411xe.o
 .ARM.attributes
                0x00000077       0x39 Application/User/main.o
 .ARM.attributes
                0x000000b0       0x39 Application/User/stm32f4xx_hal_msp.o
 .ARM.attributes
                0x000000e9       0x39 Application/User/stm32f4xx_it.o
 .ARM.attributes
                0x00000122       0x39 Drivers/CMSIS/system_stm32f4xx.o
 .ARM.attributes
                0x0000015b       0x39 Drivers/STM32F4xx_HAL_Driver/stm32f4xx_hal.o
 .ARM.attributes
                0x00000194       0x39 Drivers/STM32F4xx_HAL_Driver/stm32f4xx_hal_cortex.o
 .ARM.attributes
                0x000001cd       0x39 Drivers/STM32F4xx_HAL_Driver/stm32f4xx_hal_dma.o
 .ARM.attributes
                0x00000206       0x39 Drivers/STM32F4xx_HAL_Driver/stm32f4xx_hal_gpio.o
 .ARM.attributes
                0x0000023f       0x39 Drivers/STM32F4xx_HAL_Driver/stm32f4xx_hal_rcc.o
 .ARM.attributes
                0x00000278       0x39 Drivers/STM32F4xx_HAL_Driver/stm32f4xx_hal_uart.o
 .ARM.attributes
                0x000002b1       0x22 c:/users/pawel/.p2/pool/plugins/fr.ac6.mcu.externaltools.arm-none.win32_1.17.0.201812190825/tools/compiler/bin/../lib/gcc/arm-none-eabi/7.3.1/thumb/v7e-m/fpv4-sp/hard\libgcc.a(_aeabi_uldivmod.o)
 .ARM.attributes
                0x000002d3       0x34 c:/users/pawel/.p2/pool/plugins/fr.ac6.mcu.externaltools.arm-none.win32_1.17.0.201812190825/tools/compiler/bin/../lib/gcc/arm-none-eabi/7.3.1/thumb/v7e-m/fpv4-sp/hard\libgcc.a(_udivmoddi4.o)
 .ARM.attributes
                0x00000307       0x22 c:/users/pawel/.p2/pool/plugins/fr.ac6.mcu.externaltools.arm-none.win32_1.17.0.201812190825/tools/compiler/bin/../lib/gcc/arm-none-eabi/7.3.1/thumb/v7e-m/fpv4-sp/hard\libgcc.a(_dvmd_tls.o)
 .ARM.attributes
                0x00000329       0x34 c:/users/pawel/.p2/pool/plugins/fr.ac6.mcu.externaltools.arm-none.win32_1.17.0.201812190825/tools/compiler/bin/../lib/gcc/arm-none-eabi/7.3.1/../../../../arm-none-eabi/lib/thumb/v7e-m/fpv4-sp/hard\libc_nano.a(lib_a-init.o)
 .ARM.attributes
                0x0000035d       0x22 c:/users/pawel/.p2/pool/plugins/fr.ac6.mcu.externaltools.arm-none.win32_1.17.0.201812190825/tools/compiler/bin/../lib/gcc/arm-none-eabi/7.3.1/thumb/v7e-m/fpv4-sp/hard/crtn.o
OUTPUT(PMS.elf elf32-littlearm)

.debug_line     0x00000000     0x698d
 .debug_line    0x00000000       0xbf Application/SW4STM32/startup_stm32f411xe.o
 .debug_line    0x000000bf      0x8d0 Application/User/main.o
 .debug_line    0x0000098f      0x887 Application/User/stm32f4xx_hal_msp.o
 .debug_line    0x00001216      0x8ea Application/User/stm32f4xx_it.o
 .debug_line    0x00001b00      0x879 Drivers/CMSIS/system_stm32f4xx.o
 .debug_line    0x00002379      0xa32 Drivers/STM32F4xx_HAL_Driver/stm32f4xx_hal.o
 .debug_line    0x00002dab      0xa8d Drivers/STM32F4xx_HAL_Driver/stm32f4xx_hal_cortex.o
 .debug_line    0x00003838      0xb78 Drivers/STM32F4xx_HAL_Driver/stm32f4xx_hal_dma.o
 .debug_line    0x000043b0      0x9b7 Drivers/STM32F4xx_HAL_Driver/stm32f4xx_hal_gpio.o
 .debug_line    0x00004d67      0xac9 Drivers/STM32F4xx_HAL_Driver/stm32f4xx_hal_rcc.o
 .debug_line    0x00005830     0x115d Drivers/STM32F4xx_HAL_Driver/stm32f4xx_hal_uart.o

.debug_info     0x00000000     0xc467
 .debug_info    0x00000000       0x22 Application/SW4STM32/startup_stm32f411xe.o
 .debug_info    0x00000022     0x1809 Application/User/main.o
 .debug_info    0x0000182b     0x1463 Application/User/stm32f4xx_hal_msp.o
 .debug_info    0x00002c8e      0xe8f Application/User/stm32f4xx_it.o
 .debug_info    0x00003b1d      0xd53 Drivers/CMSIS/system_stm32f4xx.o
 .debug_info    0x00004870     0x116d Drivers/STM32F4xx_HAL_Driver/stm32f4xx_hal.o
 .debug_info    0x000059dd     0x16c5 Drivers/STM32F4xx_HAL_Driver/stm32f4xx_hal_cortex.o
 .debug_info    0x000070a2     0x1273 Drivers/STM32F4xx_HAL_Driver/stm32f4xx_hal_dma.o
 .debug_info    0x00008315      0xfbb Drivers/STM32F4xx_HAL_Driver/stm32f4xx_hal_gpio.o
 .debug_info    0x000092d0     0x1285 Drivers/STM32F4xx_HAL_Driver/stm32f4xx_hal_rcc.o
 .debug_info    0x0000a555     0x1f12 Drivers/STM32F4xx_HAL_Driver/stm32f4xx_hal_uart.o

.debug_abbrev   0x00000000     0x1c4d
 .debug_abbrev  0x00000000       0x12 Application/SW4STM32/startup_stm32f411xe.o
 .debug_abbrev  0x00000012      0x2cd Application/User/main.o
 .debug_abbrev  0x000002df      0x254 Application/User/stm32f4xx_hal_msp.o
 .debug_abbrev  0x00000533      0x221 Application/User/stm32f4xx_it.o
 .debug_abbrev  0x00000754      0x205 Drivers/CMSIS/system_stm32f4xx.o
 .debug_abbrev  0x00000959      0x2e5 Drivers/STM32F4xx_HAL_Driver/stm32f4xx_hal.o
 .debug_abbrev  0x00000c3e      0x3d6 Drivers/STM32F4xx_HAL_Driver/stm32f4xx_hal_cortex.o
 .debug_abbrev  0x00001014      0x31b Drivers/STM32F4xx_HAL_Driver/stm32f4xx_hal_dma.o
 .debug_abbrev  0x0000132f      0x2a7 Drivers/STM32F4xx_HAL_Driver/stm32f4xx_hal_gpio.o
 .debug_abbrev  0x000015d6      0x333 Drivers/STM32F4xx_HAL_Driver/stm32f4xx_hal_rcc.o
 .debug_abbrev  0x00001909      0x344 Drivers/STM32F4xx_HAL_Driver/stm32f4xx_hal_uart.o

.debug_aranges  0x00000000      0x5f8
 .debug_aranges
                0x00000000       0x28 Application/SW4STM32/startup_stm32f411xe.o
 .debug_aranges
                0x00000028       0x48 Application/User/main.o
 .debug_aranges
                0x00000070       0x30 Application/User/stm32f4xx_hal_msp.o
 .debug_aranges
                0x000000a0       0x68 Application/User/stm32f4xx_it.o
 .debug_aranges
                0x00000108       0x28 Drivers/CMSIS/system_stm32f4xx.o
 .debug_aranges
                0x00000130       0xe0 Drivers/STM32F4xx_HAL_Driver/stm32f4xx_hal.o
 .debug_aranges
                0x00000210       0xa8 Drivers/STM32F4xx_HAL_Driver/stm32f4xx_hal_cortex.o
 .debug_aranges
                0x000002b8       0x90 Drivers/STM32F4xx_HAL_Driver/stm32f4xx_hal_dma.o
 .debug_aranges
                0x00000348       0x58 Drivers/STM32F4xx_HAL_Driver/stm32f4xx_hal_gpio.o
 .debug_aranges
                0x000003a0       0x88 Drivers/STM32F4xx_HAL_Driver/stm32f4xx_hal_rcc.o
 .debug_aranges
                0x00000428      0x1d0 Drivers/STM32F4xx_HAL_Driver/stm32f4xx_hal_uart.o

.debug_str      0x00000000    0x809ed
 .debug_str     0x00000000       0xc4 Application/SW4STM32/startup_stm32f411xe.o
 .debug_str     0x000000c4    0x7efd9 Application/User/main.o
                              0x7f363 (size before relaxing)
 .debug_str     0x0007f09d       0xde Application/User/stm32f4xx_hal_msp.o
                              0x7f165 (size before relaxing)
 .debug_str     0x0007f17b      0x140 Application/User/stm32f4xx_it.o
                              0x7ec92 (size before relaxing)
 .debug_str     0x0007f2bb       0xfe Drivers/CMSIS/system_stm32f4xx.o
                              0x7e95c (size before relaxing)
 .debug_str     0x0007f3b9      0x60f Drivers/STM32F4xx_HAL_Driver/stm32f4xx_hal.o
                              0x7f373 (size before relaxing)
 .debug_str     0x0007f9c8      0x35b Drivers/STM32F4xx_HAL_Driver/stm32f4xx_hal_cortex.o
                              0x7f0a3 (size before relaxing)
 .debug_str     0x0007fd23      0x361 Drivers/STM32F4xx_HAL_Driver/stm32f4xx_hal_dma.o
                              0x7ed70 (size before relaxing)
 .debug_str     0x00080084      0x208 Drivers/STM32F4xx_HAL_Driver/stm32f4xx_hal_gpio.o
                              0x7eba0 (size before relaxing)
 .debug_str     0x0008028c      0x253 Drivers/STM32F4xx_HAL_Driver/stm32f4xx_hal_rcc.o
                              0x7ed6a (size before relaxing)
 .debug_str     0x000804df      0x50e Drivers/STM32F4xx_HAL_Driver/stm32f4xx_hal_uart.o
                              0x7f1d3 (size before relaxing)

.debug_ranges   0x00000000      0x5c8
 .debug_ranges  0x00000000       0x20 Application/SW4STM32/startup_stm32f411xe.o
 .debug_ranges  0x00000020       0x38 Application/User/main.o
 .debug_ranges  0x00000058       0x20 Application/User/stm32f4xx_hal_msp.o
 .debug_ranges  0x00000078       0x58 Application/User/stm32f4xx_it.o
 .debug_ranges  0x000000d0       0x18 Drivers/CMSIS/system_stm32f4xx.o
 .debug_ranges  0x000000e8       0xd0 Drivers/STM32F4xx_HAL_Driver/stm32f4xx_hal.o
 .debug_ranges  0x000001b8       0xf8 Drivers/STM32F4xx_HAL_Driver/stm32f4xx_hal_cortex.o
 .debug_ranges  0x000002b0       0x80 Drivers/STM32F4xx_HAL_Driver/stm32f4xx_hal_dma.o
 .debug_ranges  0x00000330       0x48 Drivers/STM32F4xx_HAL_Driver/stm32f4xx_hal_gpio.o
 .debug_ranges  0x00000378       0x90 Drivers/STM32F4xx_HAL_Driver/stm32f4xx_hal_rcc.o
 .debug_ranges  0x00000408      0x1c0 Drivers/STM32F4xx_HAL_Driver/stm32f4xx_hal_uart.o

.debug_loc      0x00000000     0x31b8
 .debug_loc     0x00000000       0x21 Application/User/main.o
 .debug_loc     0x00000021       0x5b Application/User/stm32f4xx_hal_msp.o
 .debug_loc     0x0000007c      0x13e Drivers/CMSIS/system_stm32f4xx.o
 .debug_loc     0x000001ba       0xfd Drivers/STM32F4xx_HAL_Driver/stm32f4xx_hal.o
 .debug_loc     0x000002b7      0x5ce Drivers/STM32F4xx_HAL_Driver/stm32f4xx_hal_cortex.o
 .debug_loc     0x00000885      0xb4e Drivers/STM32F4xx_HAL_Driver/stm32f4xx_hal_dma.o
 .debug_loc     0x000013d3      0x469 Drivers/STM32F4xx_HAL_Driver/stm32f4xx_hal_gpio.o
 .debug_loc     0x0000183c      0x3f1 Drivers/STM32F4xx_HAL_Driver/stm32f4xx_hal_rcc.o
 .debug_loc     0x00001c2d     0x158b Drivers/STM32F4xx_HAL_Driver/stm32f4xx_hal_uart.o

.debug_macro    0x00000000    0x1581a
 .debug_macro   0x00000000      0x311 Application/User/main.o
 .debug_macro   0x00000311      0xa60 Application/User/main.o
 .debug_macro   0x00000d71       0x34 Application/User/main.o
 .debug_macro   0x00000da5      0x17a Application/User/main.o
 .debug_macro   0x00000f1f       0x32 Application/User/main.o
 .debug_macro   0x00000f51       0x28 Application/User/main.o
 .debug_macro   0x00000f79       0x22 Application/User/main.o
 .debug_macro   0x00000f9b       0x8e Application/User/main.o
 .debug_macro   0x00001029       0x51 Application/User/main.o
 .debug_macro   0x0000107a       0xef Application/User/main.o
 .debug_macro   0x00001169       0x6a Application/User/main.o
 .debug_macro   0x000011d3      0x1df Application/User/main.o
 .debug_macro   0x000013b2       0x35 Application/User/main.o
 .debug_macro   0x000013e7       0x50 Application/User/main.o
 .debug_macro   0x00001437      0xe66 Application/User/main.o
 .debug_macro   0x0000229d     0xb803 Application/User/main.o
 .debug_macro   0x0000daa0       0x43 Application/User/main.o
 .debug_macro   0x0000dae3     0x3535 Application/User/main.o
 .debug_macro   0x00011018       0x5e Application/User/main.o
 .debug_macro   0x00011076       0x18 Application/User/main.o
 .debug_macro   0x0001108e       0x35 Application/User/main.o
 .debug_macro   0x000110c3       0x34 Application/User/main.o
 .debug_macro   0x000110f7       0x16 Application/User/main.o
 .debug_macro   0x0001110d       0x97 Application/User/main.o
 .debug_macro   0x000111a4      0x330 Application/User/main.o
 .debug_macro   0x000114d4       0xfd Application/User/main.o
 .debug_macro   0x000115d1       0x10 Application/User/main.o
 .debug_macro   0x000115e1       0x58 Application/User/main.o
 .debug_macro   0x00011639       0x1f Application/User/main.o
 .debug_macro   0x00011658       0x43 Application/User/main.o
 .debug_macro   0x0001169b       0x20 Application/User/main.o
 .debug_macro   0x000116bb      0x18e Application/User/main.o
 .debug_macro   0x00011849       0x10 Application/User/main.o
 .debug_macro   0x00011859       0x1c Application/User/main.o
 .debug_macro   0x00011875       0x52 Application/User/main.o
 .debug_macro   0x000118c7       0x40 Application/User/main.o
 .debug_macro   0x00011907       0x10 Application/User/main.o
 .debug_macro   0x00011917       0x40 Application/User/main.o
 .debug_macro   0x00011957       0xd7 Application/User/main.o
 .debug_macro   0x00011a2e       0x1c Application/User/main.o
 .debug_macro   0x00011a4a       0x3d Application/User/main.o
 .debug_macro   0x00011a87       0x16 Application/User/main.o
 .debug_macro   0x00011a9d      0x16f Application/User/main.o
 .debug_macro   0x00011c0c       0x50 Application/User/main.o
 .debug_macro   0x00011c5c      0x447 Application/User/main.o
 .debug_macro   0x000120a3      0xa02 Application/User/main.o
 .debug_macro   0x00012aa5      0x11e Application/User/main.o
 .debug_macro   0x00012bc3      0x11b Application/User/main.o
 .debug_macro   0x00012cde       0x27 Application/User/main.o
 .debug_macro   0x00012d05      0x287 Application/User/main.o
 .debug_macro   0x00012f8c       0x5f Application/User/main.o
 .debug_macro   0x00012feb      0x23a Application/User/main.o
 .debug_macro   0x00013225      0x13a Application/User/main.o
 .debug_macro   0x0001335f      0x264 Application/User/main.o
 .debug_macro   0x000135c3       0x2e Application/User/main.o
 .debug_macro   0x000135f1      0x11e Application/User/main.o
 .debug_macro   0x0001370f       0x85 Application/User/main.o
 .debug_macro   0x00013794       0x89 Application/User/main.o
 .debug_macro   0x0001381d      0x287 Application/User/main.o
 .debug_macro   0x00013aa4      0x12d Application/User/main.o
 .debug_macro   0x00013bd1      0x30d Application/User/stm32f4xx_hal_msp.o
 .debug_macro   0x00013ede      0x317 Application/User/stm32f4xx_it.o
 .debug_macro   0x000141f5      0x313 Drivers/CMSIS/system_stm32f4xx.o
 .debug_macro   0x00014508      0x36d Drivers/STM32F4xx_HAL_Driver/stm32f4xx_hal.o
 .debug_macro   0x00014875      0x30d Drivers/STM32F4xx_HAL_Driver/stm32f4xx_hal_cortex.o
 .debug_macro   0x00014b82      0x314 Drivers/STM32F4xx_HAL_Driver/stm32f4xx_hal_dma.o
 .debug_macro   0x00014e96      0x345 Drivers/STM32F4xx_HAL_Driver/stm32f4xx_hal_gpio.o
 .debug_macro   0x000151db      0x331 Drivers/STM32F4xx_HAL_Driver/stm32f4xx_hal_rcc.o
 .debug_macro   0x0001550c      0x30e Drivers/STM32F4xx_HAL_Driver/stm32f4xx_hal_uart.o

.comment        0x00000000       0x7f
 .comment       0x00000000       0x7f Application/User/main.o
                                 0x80 (size before relaxing)
 .comment       0x0000007f       0x80 Application/User/stm32f4xx_hal_msp.o
 .comment       0x0000007f       0x80 Application/User/stm32f4xx_it.o
 .comment       0x0000007f       0x80 Drivers/CMSIS/system_stm32f4xx.o
 .comment       0x0000007f       0x80 Drivers/STM32F4xx_HAL_Driver/stm32f4xx_hal.o
 .comment       0x0000007f       0x80 Drivers/STM32F4xx_HAL_Driver/stm32f4xx_hal_cortex.o
 .comment       0x0000007f       0x80 Drivers/STM32F4xx_HAL_Driver/stm32f4xx_hal_dma.o
 .comment       0x0000007f       0x80 Drivers/STM32F4xx_HAL_Driver/stm32f4xx_hal_gpio.o
 .comment       0x0000007f       0x80 Drivers/STM32F4xx_HAL_Driver/stm32f4xx_hal_rcc.o
 .comment       0x0000007f       0x80 Drivers/STM32F4xx_HAL_Driver/stm32f4xx_hal_uart.o

.debug_frame    0x00000000      0xe90
 .debug_frame   0x00000000       0xb0 Application/User/main.o
 .debug_frame   0x000000b0       0x68 Application/User/stm32f4xx_hal_msp.o
 .debug_frame   0x00000118       0xc0 Application/User/stm32f4xx_it.o
 .debug_frame   0x000001d8       0x30 Drivers/CMSIS/system_stm32f4xx.o
 .debug_frame   0x00000208      0x1cc Drivers/STM32F4xx_HAL_Driver/stm32f4xx_hal.o
 .debug_frame   0x000003d4      0x15c Drivers/STM32F4xx_HAL_Driver/stm32f4xx_hal_cortex.o
 .debug_frame   0x00000530      0x188 Drivers/STM32F4xx_HAL_Driver/stm32f4xx_hal_dma.o
 .debug_frame   0x000006b8       0xd8 Drivers/STM32F4xx_HAL_Driver/stm32f4xx_hal_gpio.o
 .debug_frame   0x00000790      0x184 Drivers/STM32F4xx_HAL_Driver/stm32f4xx_hal_rcc.o
 .debug_frame   0x00000914      0x4f0 Drivers/STM32F4xx_HAL_Driver/stm32f4xx_hal_uart.o
 .debug_frame   0x00000e04       0x2c c:/users/pawel/.p2/pool/plugins/fr.ac6.mcu.externaltools.arm-none.win32_1.17.0.201812190825/tools/compiler/bin/../lib/gcc/arm-none-eabi/7.3.1/thumb/v7e-m/fpv4-sp/hard\libgcc.a(_aeabi_uldivmod.o)
 .debug_frame   0x00000e30       0x34 c:/users/pawel/.p2/pool/plugins/fr.ac6.mcu.externaltools.arm-none.win32_1.17.0.201812190825/tools/compiler/bin/../lib/gcc/arm-none-eabi/7.3.1/thumb/v7e-m/fpv4-sp/hard\libgcc.a(_udivmoddi4.o)
 .debug_frame   0x00000e64       0x2c c:/users/pawel/.p2/pool/plugins/fr.ac6.mcu.externaltools.arm-none.win32_1.17.0.201812190825/tools/compiler/bin/../lib/gcc/arm-none-eabi/7.3.1/../../../../arm-none-eabi/lib/thumb/v7e-m/fpv4-sp/hard\libc_nano.a(lib_a-init.o)
